2026-06-02 20:49:45 TEST
2026-06-02 20:50:41 game_6a1d91ee09a008.47229820
2026-06-02 20:50:41 TEST
2026-06-02 20:50:41 game_6a1d91ee09a008.47229820
2026-06-02 20:50:53 game_6a1d91ee09a008.47229820
2026-06-02 20:50:53 TEST
2026-06-02 20:50:53 game_6a1d91ee09a008.47229820
2026-06-02 20:53:32 game_6a1d91ee09a008.47229820
2026-06-02 21:56:13 game_6a1d91ee09a008.47229820
